[dreamslms.dreamguystech.com/html/index.html]
[backblue.gif]
[fade.gif]
[index.html]
[dreamslms.dreamguystech.com/html/assets/img/favicon.svg]
[dreamslms.dreamguystech.com/html/assets/css/bootstrap.min.css]
[dreamslms.dreamguystech.com/html/assets/plugins/fontawesome/css/fontawesome.min.css]
[dreamslms.dreamguystech.com/html/assets/plugins/fontawesome/css/all.min.css]
[dreamslms.dreamguystech.com/html/assets/css/owl.carousel.min.css]
[dreamslms.dreamguystech.com/html/assets/css/owl.theme.default.min.css]
[dreamslms.dreamguystech.com/html/assets/plugins/slick/slick.css]
[dreamslms.dreamguystech.com/html/assets/plugins/slick/slick-theme.css]
[dreamslms.dreamguystech.com/html/assets/plugins/select2/css/select2.min.css]
[dreamslms.dreamguystech.com/html/assets/plugins/aos/aos.css]
[dreamslms.dreamguystech.com/html/assets/css/style.css]
[dreamslms.dreamguystech.com/html/assets/img/logo.svg]
[dreamslms.dreamguystech.com/html/index-two.html]
[dreamslms.dreamguystech.com/html/index-three.html]
[dreamslms.dreamguystech.com/html/index-four.html]
[dreamslms.dreamguystech.com/html/instructor-dashboard.html]
[dreamslms.dreamguystech.com/html/instructor-list.html]
[dreamslms.dreamguystech.com/html/instructor-grid.html]
[dreamslms.dreamguystech.com/html/instructor-course.html]
[dreamslms.dreamguystech.com/html/instructor-reviews.html]
[dreamslms.dreamguystech.com/html/instructor-earnings.html]
[dreamslms.dreamguystech.com/html/instructor-orders.html]
[dreamslms.dreamguystech.com/html/instructor-payouts.html]
[dreamslms.dreamguystech.com/html/instructor-tickets.html]
[dreamslms.dreamguystech.com/html/instructor-edit-profile.html]
[dreamslms.dreamguystech.com/html/instructor-security.html]
[dreamslms.dreamguystech.com/html/instructor-social-profiles.html]
[dreamslms.dreamguystech.com/html/instructor-notification.html]
[dreamslms.dreamguystech.com/html/instructor-profile-privacy.html]
[dreamslms.dreamguystech.com/html/instructor-delete-profile.html]
[dreamslms.dreamguystech.com/html/instructor-linked-account.html]
[dreamslms.dreamguystech.com/html/students-list.html]
[dreamslms.dreamguystech.com/html/students-grid.html]
[dreamslms.dreamguystech.com/html/setting-edit-profile.html]
[dreamslms.dreamguystech.com/html/setting-student-security.html]
[dreamslms.dreamguystech.com/html/setting-student-social-profile.html]
[dreamslms.dreamguystech.com/html/setting-student-notification.html]
[dreamslms.dreamguystech.com/html/setting-student-privacy.html]
[dreamslms.dreamguystech.com/html/setting-student-accounts.html]
[dreamslms.dreamguystech.com/html/setting-student-referral.html]
[dreamslms.dreamguystech.com/html/setting-student-subscription.html]
[dreamslms.dreamguystech.com/html/setting-student-billing.html]
[dreamslms.dreamguystech.com/html/setting-student-payment.html]
[dreamslms.dreamguystech.com/html/setting-student-invoice.html]
[dreamslms.dreamguystech.com/html/setting-support-tickets.html]
[dreamslms.dreamguystech.com/html/notifications.html]
[dreamslms.dreamguystech.com/html/pricing-plan.html]
[dreamslms.dreamguystech.com/html/wishlist.html]
[dreamslms.dreamguystech.com/html/course-list.html]
[dreamslms.dreamguystech.com/html/add-course.html]
[dreamslms.dreamguystech.com/html/course-grid.html]
[dreamslms.dreamguystech.com/html/course-details.html]
[dreamslms.dreamguystech.com/html/come-soon.html]
[dreamslms.dreamguystech.com/html/error-404.html]
[dreamslms.dreamguystech.com/html/error-500.html]
[dreamslms.dreamguystech.com/html/under-construction.html]
[dreamslms.dreamguystech.com/html/faq.html]
[dreamslms.dreamguystech.com/html/support.html]
[dreamslms.dreamguystech.com/html/job-category.html]
[dreamslms.dreamguystech.com/html/cart.html]
[dreamslms.dreamguystech.com/html/checkout.html]
[dreamslms.dreamguystech.com/html/login.html]
[dreamslms.dreamguystech.com/html/register.html]
[dreamslms.dreamguystech.com/html/forgot-password.html]
[dreamslms.dreamguystech.com/html/blog-list.html]
[dreamslms.dreamguystech.com/html/blog-grid.html]
[dreamslms.dreamguystech.com/html/blog-masonry.html]
[dreamslms.dreamguystech.com/html/blog-modern.html]
[dreamslms.dreamguystech.com/html/blog-details.html]
[dreamslms.dreamguystech.com/html/assets/img/object.png]
[dreamslms.dreamguystech.com/html/assets/img/pencil-icon.svg]
[dreamslms.dreamguystech.com/html/assets/img/cources-icon.svg]
[dreamslms.dreamguystech.com/html/assets/img/certificate-icon.svg]
[dreamslms.dreamguystech.com/html/assets/img/gratuate-icon.svg]
[dreamslms.dreamguystech.com/html/assets/img/categories-icon.png]
[dreamslms.dreamguystech.com/html/assets/img/categories-icon-01.png]
[dreamslms.dreamguystech.com/html/assets/img/categories-icon-02.png]
[dreamslms.dreamguystech.com/html/assets/img/categories-icon-03.png]
[dreamslms.dreamguystech.com/html/assets/img/categories-icon-04.png]
[dreamslms.dreamguystech.com/html/assets/img/categories-icon-05.png]
[dreamslms.dreamguystech.com/html/assets/img/course/course-01.jpg]
[dreamslms.dreamguystech.com/html/instructor-profile.html]
[dreamslms.dreamguystech.com/html/assets/img/user/user1.jpg]
[dreamslms.dreamguystech.com/html/assets/img/icon/icon-01.svg]
[dreamslms.dreamguystech.com/html/assets/img/icon/icon-02.svg]
[dreamslms.dreamguystech.com/html/assets/img/course/course-02.jpg]
[dreamslms.dreamguystech.com/html/assets/img/user/user2.jpg]
[dreamslms.dreamguystech.com/html/assets/img/course/course-03.jpg]
[dreamslms.dreamguystech.com/html/assets/img/user/user5.jpg]
[dreamslms.dreamguystech.com/html/assets/img/course/course-04.jpg]
[dreamslms.dreamguystech.com/html/assets/img/user/user4.jpg]
[dreamslms.dreamguystech.com/html/assets/img/course/course-05.jpg]
[dreamslms.dreamguystech.com/html/assets/img/user/user3.jpg]
[dreamslms.dreamguystech.com/html/assets/img/course/course-06.jpg]
[dreamslms.dreamguystech.com/html/assets/img/user/user6.jpg]
[dreamslms.dreamguystech.com/html/assets/img/icon/icon-1.svg]
[dreamslms.dreamguystech.com/html/assets/img/icon/icon-2.svg]
[dreamslms.dreamguystech.com/html/assets/img/icon/icon-3.svg]
[dreamslms.dreamguystech.com/html/assets/img/icon/icon-4.svg]
[dreamslms.dreamguystech.com/html/assets/img/join.png]
[dreamslms.dreamguystech.com/html/assets/img/course/course-07.jpg]
[dreamslms.dreamguystech.com/html/assets/img/user/user.jpg]
[dreamslms.dreamguystech.com/html/assets/img/course/course-08.jpg]
[dreamslms.dreamguystech.com/html/assets/img/course/course-09.jpg]
[dreamslms.dreamguystech.com/html/assets/img/user/user7.jpg]
[dreamslms.dreamguystech.com/html/assets/img/user/user8.jpg]
[dreamslms.dreamguystech.com/html/assets/img/user/user9.jpg]
[dreamslms.dreamguystech.com/html/assets/img/user/user10.jpg]
[dreamslms.dreamguystech.com/html/assets/img/lead-01.png]
[dreamslms.dreamguystech.com/html/assets/img/lead-02.png]
[dreamslms.dreamguystech.com/html/assets/img/lead-03.png]
[dreamslms.dreamguystech.com/html/assets/img/lead-04.png]
[dreamslms.dreamguystech.com/html/assets/img/lead-05.png]
[dreamslms.dreamguystech.com/html/assets/img/lead-06.png]
[dreamslms.dreamguystech.com/html/assets/img/share.png]
[dreamslms.dreamguystech.com/html/assets/img/qute.png]
[dreamslms.dreamguystech.com/html/assets/img/qute-01.png]
[dreamslms.dreamguystech.com/html/assets/img/become-02.png]
[dreamslms.dreamguystech.com/html/assets/img/become-01.png]
[dreamslms.dreamguystech.com/html/assets/img/blog/blog-01.jpg]
[dreamslms.dreamguystech.com/html/assets/img/blog/blog-02.jpg]
[dreamslms.dreamguystech.com/html/assets/img/blog/blog-03.jpg]
[dreamslms.dreamguystech.com/html/assets/img/blog/blog-04.jpg]
[dreamslms.dreamguystech.com/html/assets/img/icon/icon-07.svg]
[dreamslms.dreamguystech.com/html/assets/img/icon/icon-08.svg]
[dreamslms.dreamguystech.com/html/assets/img/icon/icon-09.svg]
[dreamslms.dreamguystech.com/html/assets/img/icon/icon-10.svg]
[dreamslms.dreamguystech.com/html/assets/img/icon/icon-16.svg]
[dreamslms.dreamguystech.com/html/assets/img/icon/icon-12.svg]
[dreamslms.dreamguystech.com/html/assets/img/icon/icon-13.svg]
[dreamslms.dreamguystech.com/html/assets/img/icon/icon-14.svg]
[dreamslms.dreamguystech.com/html/assets/img/icon/icon-15.svg]
[dreamslms.dreamguystech.com/html/assets/img/icon/icon-17.svg]
[dreamslms.dreamguystech.com/html/assets/img/icon/icon-18.svg]
[dreamslms.dreamguystech.com/html/deposit-instructor-dashboard.html]
[dreamslms.dreamguystech.com/html/student-profile.html]
[dreamslms.dreamguystech.com/html/deposit-student-dashboard.html]
[dreamslms.dreamguystech.com/html/assets/img/icon/icon-20.svg]
[dreamslms.dreamguystech.com/html/assets/img/icon/icon-19.svg]
[dreamslms.dreamguystech.com/html/assets/img/icon/icon-21.svg]
[dreamslms.dreamguystech.com/html/term-condition.html]
[dreamslms.dreamguystech.com/html/privacy-policy.html]
[dreamslms.dreamguystech.com/cdn-cgi/scripts/5c5dd728/cloudflare-static/email-decode.min.js]
[dreamslms.dreamguystech.com/html/assets/js/jquery-3.6.0.min.js]
[dreamslms.dreamguystech.com/html/assets/js/bootstrap.bundle.min.js]
[dreamslms.dreamguystech.com/html/assets/js/jquery.waypoints.js]
[dreamslms.dreamguystech.com/html/assets/js/jquery.counterup.min.js]
[dreamslms.dreamguystech.com/html/assets/plugins/select2/js/select2.min.js]
[dreamslms.dreamguystech.com/html/assets/js/owl.carousel.min.js]
[dreamslms.dreamguystech.com/html/assets/plugins/slick/slick.js]
[dreamslms.dreamguystech.com/html/assets/plugins/aos/aos.js]
[dreamslms.dreamguystech.com/html/index.html]
[dreamslms.dreamguystech.com/html/assets/img/favicon.svg]
[dreamslms.dreamguystech.com/html/assets/js/script.js]
[dreamslms.dreamguystech.com/html/assets/css/bootstrap.min.css]
[dreamslms.dreamguystech.com/html/assets/plugins/fontawesome/css/fontawesome.min.css]
[dreamslms.dreamguystech.com/html/assets/plugins/fontawesome/webfonts/fa-brands-400.ttf]
[dreamslms.dreamguystech.com/html/assets/plugins/fontawesome/webfonts/fa-regular-400.ttf]
[dreamslms.dreamguystech.com/html/assets/plugins/fontawesome/webfonts/fa-solid-900.ttf]
[dreamslms.dreamguystech.com/html/assets/plugins/fontawesome/css/all.min.css]
[dreamslms.dreamguystech.com/html/assets/plugins/fontawesome/webfonts/fa-v4compatibility.ttf]
[dreamslms.dreamguystech.com/html/assets/css/owl.video.play.png]
[dreamslms.dreamguystech.com/html/assets/css/owl.carousel.min.css]
[dreamslms.dreamguystech.com/html/assets/css/owl.theme.default.min.css]
[dreamslms.dreamguystech.com/html/assets/plugins/slick/slick.css]
[dreamslms.dreamguystech.com/html/assets/plugins/slick/slick-theme.css]
[dreamslms.dreamguystech.com/html/assets/plugins/select2/css/select2.min.css]
[dreamslms.dreamguystech.com/html/assets/plugins/aos/aos.css]
[dreamslms.dreamguystech.com/html/assets/img/banner.png]
[dreamslms.dreamguystech.com/html/assets/img/course-bg.png]
[dreamslms.dreamguystech.com/html/assets/img/bg-banner.png]
[dreamslms.dreamguystech.com/html/assets/img/bg-banner-01.png]
[dreamslms.dreamguystech.com/html/assets/img/slider/home-three-banner.jpg]
[dreamslms.dreamguystech.com/html/assets/img/icon-three/search-icon.svg]
[dreamslms.dreamguystech.com/html/assets/img/icon-three/email.svg]
[dreamslms.dreamguystech.com/html/assets/img/bg/bg-footer.jpg]
[dreamslms.dreamguystech.com/html/assets/img/banner-background-img-1.png]
[dreamslms.dreamguystech.com/html/assets/img/testimonial-background-img-1.png]
[dreamslms.dreamguystech.com/html/assets/img/testimonial-background-img-2.png]
[dreamslms.dreamguystech.com/html/assets/img/footer-background-img.png]
[dreamslms.dreamguystech.com/html/assets/img/home-six-banner.jpg]
[dreamslms.dreamguystech.com/html/assets/img/icon/home-search-six.svg]
[dreamslms.dreamguystech.com/html/assets/img/login-bg.png]
[dreamslms.dreamguystech.com/html/assets/img/inner-banner.jpg]
[dreamslms.dreamguystech.com/html/assets/img/support-bg.png]
[dreamslms.dreamguystech.com/html/assets/img/ban-bg.png]
[dreamslms.dreamguystech.com/html/assets/img/instructor/instructor-bg-banner.png]
[dreamslms.dreamguystech.com/html/assets/img/students/student-bg-banner.png]
[dreamslms.dreamguystech.com/html/assets/img/error-bg1.png]
[dreamslms.dreamguystech.com/html/assets/css/style.css]
[dreamslms.dreamguystech.com/html/assets/img/logo.svg]
[dreamslms.dreamguystech.com/html/assets/plugins/feather/feather.css]
[dreamslms.dreamguystech.com/html/assets/plugins/swiper/css/swiper.min.css]
[dreamslms.dreamguystech.com/html/assets/img/bg/home-right.png]
[dreamslms.dreamguystech.com/html/assets/img/bg/home-right-bottom.png]
[dreamslms.dreamguystech.com/html/assets/img/bg/home-middle.png]
[dreamslms.dreamguystech.com/html/assets/img/bg/home-left.png]
[dreamslms.dreamguystech.com/html/assets/img/icon/count-one.svg]
[dreamslms.dreamguystech.com/html/assets/img/icon/count-two.svg]
[dreamslms.dreamguystech.com/html/assets/img/icon/count-three.svg]
[dreamslms.dreamguystech.com/html/assets/img/icon/count-four.svg]
[dreamslms.dreamguystech.com/html/assets/img/category/category-1.svg]
[dreamslms.dreamguystech.com/html/assets/img/category/category-2.svg]
[dreamslms.dreamguystech.com/html/assets/img/category/category-3.svg]
[dreamslms.dreamguystech.com/html/assets/img/category/category-4.svg]
[dreamslms.dreamguystech.com/html/assets/img/category/category-5.svg]
[dreamslms.dreamguystech.com/html/assets/img/category/category-6.svg]
[dreamslms.dreamguystech.com/html/assets/img/category/category-7.svg]
[dreamslms.dreamguystech.com/html/assets/img/category/category-8.svg]
[dreamslms.dreamguystech.com/html/assets/img/bg/patter-one.png]
[dreamslms.dreamguystech.com/html/assets/img/course/courses-01.jpg]
[dreamslms.dreamguystech.com/html/assets/img/profiles/avatar-01.jpg]
[dreamslms.dreamguystech.com/html/assets/img/course/courses-02.jpg]
[dreamslms.dreamguystech.com/html/assets/img/profiles/avatar-02.jpg]
[dreamslms.dreamguystech.com/html/assets/img/course/courses-03.jpg]
[dreamslms.dreamguystech.com/html/assets/img/profiles/avatar-03.jpg]
[dreamslms.dreamguystech.com/html/assets/img/course/courses-04.jpg]
[dreamslms.dreamguystech.com/html/assets/img/profiles/avatar-04.jpg]
[dreamslms.dreamguystech.com/html/assets/img/course/courses-05.jpg]
[dreamslms.dreamguystech.com/html/assets/img/profiles/avatar-05.jpg]
[dreamslms.dreamguystech.com/html/assets/img/course/courses-06.jpg]
[dreamslms.dreamguystech.com/html/assets/img/profiles/avatar-06.jpg]
[dreamslms.dreamguystech.com/html/assets/img/skil-01.png]
[dreamslms.dreamguystech.com/html/assets/img/skills/skills-01.jpg]
[dreamslms.dreamguystech.com/html/assets/img/bg/skill-icon-01.png]
[dreamslms.dreamguystech.com/html/assets/img/skills/skills-02.jpg]
[dreamslms.dreamguystech.com/html/assets/img/bg/skill-icon-02.png]
[dreamslms.dreamguystech.com/html/assets/img/skills/skills-03.jpg]
[dreamslms.dreamguystech.com/html/assets/img/bg/skill-icon-03.png]
[dreamslms.dreamguystech.com/html/assets/img/bg/map-user.png]
[dreamslms.dreamguystech.com/html/assets/img/skills/skill-01.jpg]
[dreamslms.dreamguystech.com/html/assets/img/skills/skill-02.jpg]
[dreamslms.dreamguystech.com/html/assets/img/skills/skill-03.jpg]
[dreamslms.dreamguystech.com/html/assets/img/skills/skill-04.jpg]
[dreamslms.dreamguystech.com/html/assets/img/icon/joing-01.svg]
[dreamslms.dreamguystech.com/html/assets/img/icon/joing-02.svg]
[dreamslms.dreamguystech.com/html/assets/img/icon/joing-03.svg]
[dreamslms.dreamguystech.com/html/assets/img/icon/joing-04.svg]
[dreamslms.dreamguystech.com/html/assets/img/instructor/instructor-01.jpg]
[dreamslms.dreamguystech.com/html/assets/img/instructor/instructor-02.jpg]
[dreamslms.dreamguystech.com/html/assets/img/instructor/instructor-03.jpg]
[dreamslms.dreamguystech.com/html/assets/img/instructor/instructor-04.jpg]
[dreamslms.dreamguystech.com/html/assets/img/reviews-img-two.png]
[dreamslms.dreamguystech.com/html/index-two.html]
[dreamslms.dreamguystech.com/html/assets/plugins/swiper/js/swiper.min.js]
[dreamslms.dreamguystech.com/html/assets/img/logo/logo.png]
[dreamslms.dreamguystech.com/html/assets/img/logo/logo.svg]
[dreamslms.dreamguystech.com/html/assets/img/slider/home-slider.png]
[dreamslms.dreamguystech.com/html/assets/img/icon-three/course-01.svg]
[dreamslms.dreamguystech.com/html/assets/img/icon-three/course-02.svg]
[dreamslms.dreamguystech.com/html/assets/img/icon-three/course-03.svg]
[dreamslms.dreamguystech.com/html/assets/img/icon-three/course-04.svg]
[dreamslms.dreamguystech.com/html/assets/img/bg/pattern-01.png]
[dreamslms.dreamguystech.com/html/assets/img/students/career.png]
[dreamslms.dreamguystech.com/html/assets/img/icon-three/career-01.svg]
[dreamslms.dreamguystech.com/html/assets/img/icon-three/career-02.svg]
[dreamslms.dreamguystech.com/html/assets/img/icon-three/career-03.svg]
[dreamslms.dreamguystech.com/html/assets/img/icon-three/career-04.svg]
[dreamslms.dreamguystech.com/html/assets/img/course/course-26.jpg]
[dreamslms.dreamguystech.com/html/assets/img/icon-three/student.svg]
[dreamslms.dreamguystech.com/html/assets/img/course/course-27.jpg]
[dreamslms.dreamguystech.com/html/assets/img/course/course-20.jpg]
[dreamslms.dreamguystech.com/html/assets/img/course/course-21.jpg]
[dreamslms.dreamguystech.com/html/assets/img/course/course-22.jpg]
[dreamslms.dreamguystech.com/html/assets/img/course/course-23.jpg]
[dreamslms.dreamguystech.com/html/assets/img/course/course-24.jpg]
[dreamslms.dreamguystech.com/html/assets/img/course/course-25.jpg]
[dreamslms.dreamguystech.com/html/assets/img/icon-three/ellipse-1.svg]
[dreamslms.dreamguystech.com/html/assets/img/icon-three/ellipse-2.svg]
[dreamslms.dreamguystech.com/html/assets/img/icon-three/ellipse-3.svg]
[dreamslms.dreamguystech.com/html/assets/img/bg/shape-1.png]
[dreamslms.dreamguystech.com/html/assets/img/bg/pattern-03.png]
[dreamslms.dreamguystech.com/html/assets/img/bg/pattern-02.png]
[dreamslms.dreamguystech.com/html/assets/img/bg/shape-2.png]
[dreamslms.dreamguystech.com/html/assets/img/bg/pattern-04.png]
[dreamslms.dreamguystech.com/html/assets/img/students/award-01.png]
[dreamslms.dreamguystech.com/html/assets/img/icon-three/award.svg]
[dreamslms.dreamguystech.com/html/assets/img/icon-three/check-round-1.svg]
[dreamslms.dreamguystech.com/html/assets/img/icon-three/time.svg]
[dreamslms.dreamguystech.com/html/assets/img/icon-three/check-round-2.svg]
[dreamslms.dreamguystech.com/html/assets/img/students/learn-anything.png]
[dreamslms.dreamguystech.com/html/assets/img/students/certification.png]
[dreamslms.dreamguystech.com/html/assets/img/icon-three/winning.svg]
[dreamslms.dreamguystech.com/html/assets/img/icon-three/check-round-3.svg]
[dreamslms.dreamguystech.com/html/assets/img/icon-three/student-icon.svg]
[dreamslms.dreamguystech.com/html/assets/img/profiles/avatar-07.jpg]
[dreamslms.dreamguystech.com/html/assets/img/profiles/avatar-08.jpg]
[dreamslms.dreamguystech.com/html/assets/img/profiles/avatar-09.jpg]
[dreamslms.dreamguystech.com/html/assets/img/gallery/gallery-2.jpg]
[dreamslms.dreamguystech.com/html/assets/img/gallery/gallery-3.jpg]
[dreamslms.dreamguystech.com/html/assets/img/gallery/gallery-4.jpg]
[dreamslms.dreamguystech.com/html/assets/img/gallery/gallery-5.jpg]
[dreamslms.dreamguystech.com/html/assets/img/gallery/gallery-6.jpg]
[dreamslms.dreamguystech.com/html/assets/img/gallery/gallery-7.jpg]
[dreamslms.dreamguystech.com/html/assets/img/gallery/gallery-8.jpg]
[dreamslms.dreamguystech.com/html/assets/img/bg/pattern-05.svg]
[dreamslms.dreamguystech.com/html/assets/img/bg/pattern-06.svg]
[dreamslms.dreamguystech.com/html/assets/img/bg/quote.svg]
[dreamslms.dreamguystech.com/html/assets/img/blog/blog-20.jpg]
[dreamslms.dreamguystech.com/html/assets/img/blog/blog-21.jpg]
[dreamslms.dreamguystech.com/html/assets/img/blog/blog-22.jpg]
[dreamslms.dreamguystech.com/html/assets/img/blog/blog-23.jpg]
[dreamslms.dreamguystech.com/html/assets/img/blog/blog-24.jpg]
[dreamslms.dreamguystech.com/html/index-three.html]
[dreamslms.dreamguystech.com/html/assets/css/feather.css]
[dreamslms.dreamguystech.com/html/assets/img/logo/logo-five.png]
[dreamslms.dreamguystech.com/html/assets/img/logo/logo-five.svg]
[dreamslms.dreamguystech.com/html/assets/img/slider/slider-01.png]
[dreamslms.dreamguystech.com/html/assets/img/slider/slider-02.png]
[dreamslms.dreamguystech.com/html/assets/img/bg/banner-vector.svg]
[dreamslms.dreamguystech.com/html/assets/img/client/client-01.svg]
[dreamslms.dreamguystech.com/html/assets/img/client/client-02.svg]
[dreamslms.dreamguystech.com/html/assets/img/client/client-03.svg]
[dreamslms.dreamguystech.com/html/assets/img/client/client-04.svg]
[dreamslms.dreamguystech.com/html/assets/img/client/client-05.svg]
[dreamslms.dreamguystech.com/html/assets/img/course/course-01.svg]
[dreamslms.dreamguystech.com/html/assets/img/course/course-02.svg]
[dreamslms.dreamguystech.com/html/assets/img/course/course-03.svg]
[dreamslms.dreamguystech.com/html/assets/img/course/course-04.svg]
[dreamslms.dreamguystech.com/html/assets/img/course/featured-course-01.jpg]
[dreamslms.dreamguystech.com/html/assets/img/course/featured-course-02.jpg]
[dreamslms.dreamguystech.com/html/assets/img/course/featured-course-03.jpg]
[dreamslms.dreamguystech.com/html/assets/img/course/featured-course-04.jpg]
[dreamslms.dreamguystech.com/html/assets/img/course/featured-course-05.jpg]
[dreamslms.dreamguystech.com/html/assets/img/course/featured-course-06.jpg]
[dreamslms.dreamguystech.com/html/assets/img/bg/master-vector-left.svg]
[dreamslms.dreamguystech.com/html/assets/img/skills/skills-01.svg]
[dreamslms.dreamguystech.com/html/assets/img/skills/skills-02.svg]
[dreamslms.dreamguystech.com/html/assets/img/skills/skills-03.svg]
[dreamslms.dreamguystech.com/html/assets/img/skills/skills-04.svg]
[dreamslms.dreamguystech.com/html/assets/img/bg/instructor-vector-left.svg]
[dreamslms.dreamguystech.com/html/assets/img/profiles/profile-01.png]
[dreamslms.dreamguystech.com/html/assets/img/profiles/profile-02.png]
[dreamslms.dreamguystech.com/html/assets/img/profiles/profile-03.png]
[dreamslms.dreamguystech.com/html/assets/img/profiles/profile-04.png]
[dreamslms.dreamguystech.com/html/assets/img/profiles/profile-05.png]
[dreamslms.dreamguystech.com/html/assets/img/profiles/profile-06.png]
[dreamslms.dreamguystech.com/html/assets/img/profiles/profile-07.png]
[dreamslms.dreamguystech.com/html/assets/img/profiles/profile-08.png]
[dreamslms.dreamguystech.com/html/assets/img/profiles/profile-10.png]
[dreamslms.dreamguystech.com/html/assets/img/profiles/profile-11.png]
[dreamslms.dreamguystech.com/html/assets/img/profiles/profile-12.png]
[dreamslms.dreamguystech.com/html/assets/img/profiles/profile-13.png]
[dreamslms.dreamguystech.com/html/assets/img/profiles/profile-14.png]
[dreamslms.dreamguystech.com/html/assets/img/profiles/profile-15.png]
[dreamslms.dreamguystech.com/html/assets/img/profiles/profile-16.png]
[dreamslms.dreamguystech.com/html/assets/img/bg/instructor-vector-right.svg]
[dreamslms.dreamguystech.com/html/assets/img/icon/award-new.svg]
[dreamslms.dreamguystech.com/html/assets/img/joing-us-skill.png]
[dreamslms.dreamguystech.com/html/assets/img/education.png]
[dreamslms.dreamguystech.com/html/assets/img/testimonial/testimonial-01.png]
[dreamslms.dreamguystech.com/html/assets/img/testimonial/testimonial-02.png]
[dreamslms.dreamguystech.com/html/assets/img/testimonial/testimonial-03.png]
[dreamslms.dreamguystech.com/html/assets/img/blog/blog-img-01.jpg]
[dreamslms.dreamguystech.com/html/assets/img/blog/blog-img-02.jpg]
[dreamslms.dreamguystech.com/html/assets/img/blog/blog-img-03.jpg]
[dreamslms.dreamguystech.com/html/assets/img/bg/footer-left.svg]
[dreamslms.dreamguystech.com/html/index-four.html]
[dreamslms.dreamguystech.com/html/assets/img/bg/footer-right.svg]
[dreamslms.dreamguystech.com/html/instructor-chat.html]
[dreamslms.dreamguystech.com/html/assets/img/icon/messages.svg]
[dreamslms.dreamguystech.com/html/assets/img/icon/cart.svg]
[dreamslms.dreamguystech.com/html/assets/img/course/course-14.jpg]
[dreamslms.dreamguystech.com/html/assets/img/course/course-15.jpg]
[dreamslms.dreamguystech.com/html/assets/img/icon/wish.svg]
[dreamslms.dreamguystech.com/html/assets/img/icon/notification.svg]
[dreamslms.dreamguystech.com/html/assets/img/instructor/profile-avatar.jpg]
[dreamslms.dreamguystech.com/html/assets/img/instructor-profile-bg.jpg]
[dreamslms.dreamguystech.com/html/assets/img/user/user15.jpg]
[dreamslms.dreamguystech.com/html/instructor-student-grid.html]
[dreamslms.dreamguystech.com/html/assets/img/course/course-10.jpg]
[dreamslms.dreamguystech.com/html/assets/img/course/course-11.jpg]
[dreamslms.dreamguystech.com/html/assets/img/course/course-12.jpg]
[dreamslms.dreamguystech.com/html/assets/plugins/feather/feather.min.js]
[dreamslms.dreamguystech.com/html/assets/plugins/theia-sticky-sidebar/ResizeSensor.js]
[dreamslms.dreamguystech.com/html/assets/plugins/theia-sticky-sidebar/theia-sticky-sidebar.js]
[dreamslms.dreamguystech.com/html/assets/plugins/apexchart/apexcharts.min.js]
[dreamslms.dreamguystech.com/html/assets/plugins/apexchart/chart-data.js]
[dreamslms.dreamguystech.com/html/instructor-dashboard.html]
[dreamslms.dreamguystech.com/html/assets/img/user/user11.jpg]
[dreamslms.dreamguystech.com/html/assets/img/icon/user-icon.svg]
[dreamslms.dreamguystech.com/html/assets/img/user/user12.jpg]
[dreamslms.dreamguystech.com/html/instructor-list.html]
[dreamslms.dreamguystech.com/html/assets/img/user/user13.jpg]
[dreamslms.dreamguystech.com/html/instructor-grid.html]
[dreamslms.dreamguystech.com/html/assets/img/icon/timer-start.svg]
[dreamslms.dreamguystech.com/html/assets/img/course/course-13.jpg]
[dreamslms.dreamguystech.com/html/instructor-course.html]
[dreamslms.dreamguystech.com/html/instructor-reviews.html]
[dreamslms.dreamguystech.com/html/instructor-earnings.html]
[dreamslms.dreamguystech.com/html/search.html]
[dreamslms.dreamguystech.com/html/booking.html]
[dreamslms.dreamguystech.com/html/dashboard-mentee.html]
[dreamslms.dreamguystech.com/html/appointments.html]
[dreamslms.dreamguystech.com/html/chat.html]
[dreamslms.dreamguystech.com/html/dashboard.html]
[dreamslms.dreamguystech.com/html/instructor-orders.html]
[dreamslms.dreamguystech.com/html/instructor-payouts.html]
[dreamslms.dreamguystech.com/html/view-invoice.html]
[dreamslms.dreamguystech.com/html/assets/img/students/ticket-total.svg]
[dreamslms.dreamguystech.com/html/assets/img/students/ticket-open.svg]
[dreamslms.dreamguystech.com/html/assets/img/students/ticket-close.svg]
[dreamslms.dreamguystech.com/html/instructor-tickets.html]
[dreamslms.dreamguystech.com/html/instructor-edit-profile.html]
[dreamslms.dreamguystech.com/html/instructor-new-tickets.html]
[dreamslms.dreamguystech.com/html/assets/js/validation.js]
[dreamslms.dreamguystech.com/html/instructor-security.html]
[dreamslms.dreamguystech.com/html/instructor-social-profiles.html]
[dreamslms.dreamguystech.com/html/instructor-notification.html]
[dreamslms.dreamguystech.com/html/instructor-profile-privacy.html]
[dreamslms.dreamguystech.com/html/instructor-delete-profile.html]
[dreamslms.dreamguystech.com/html/assets/img/net-icon-02.png]
[dreamslms.dreamguystech.com/html/assets/img/net-icon-01.png]
[dreamslms.dreamguystech.com/html/assets/img/net-icon-03.png]
[dreamslms.dreamguystech.com/html/assets/img/net-icon-04.png]
[dreamslms.dreamguystech.com/html/instructor-linked-account.html]
[dreamslms.dreamguystech.com/html/course-message.html]
[dreamslms.dreamguystech.com/html/assets/img/students/student-01.jpg]
[dreamslms.dreamguystech.com/html/assets/img/students/loc-icon.svg]
[dreamslms.dreamguystech.com/html/assets/img/students/student-02.jpg]
[dreamslms.dreamguystech.com/html/assets/img/students/student-03.jpg]
[dreamslms.dreamguystech.com/html/assets/img/students/student-04.jpg]
[dreamslms.dreamguystech.com/html/assets/img/students/student-05.jpg]
[dreamslms.dreamguystech.com/html/assets/img/students/student-06.jpg]
[dreamslms.dreamguystech.com/html/assets/img/students/student-07.jpg]
[dreamslms.dreamguystech.com/html/assets/img/students/student-08.jpg]
[dreamslms.dreamguystech.com/html/assets/img/students/student-09.jpg]
[dreamslms.dreamguystech.com/html/assets/img/students/student-10.jpg]
[dreamslms.dreamguystech.com/html/assets/img/students/student-11.jpg]
[dreamslms.dreamguystech.com/html/assets/img/students/student-12.jpg]
[dreamslms.dreamguystech.com/html/students-list.html]
[dreamslms.dreamguystech.com/html/assets/img/user/user14.jpg]
[dreamslms.dreamguystech.com/html/students-grid.html]
[dreamslms.dreamguystech.com/html/assets/img/profile-bg.jpg]
[dreamslms.dreamguystech.com/html/setting-edit-profile.html]
[dreamslms.dreamguystech.com/html/setting-student-security.html]
[dreamslms.dreamguystech.com/html/setting-student-social-profile.html]
[dreamslms.dreamguystech.com/html/setting-student-notification.html]
[dreamslms.dreamguystech.com/html/setting-student-privacy.html]
[dreamslms.dreamguystech.com/html/setting-student-accounts.html]
[dreamslms.dreamguystech.com/html/setting-student-delete-profile.html]
[dreamslms.dreamguystech.com/html/assets/img/bank-image.png]
[dreamslms.dreamguystech.com/html/assets/img/students/refer-img1.png]
[dreamslms.dreamguystech.com/html/assets/img/students/refer-img2.png]
[dreamslms.dreamguystech.com/html/assets/img/students/refer-img3.png]
[dreamslms.dreamguystech.com/html/assets/img/students/refer-img4.png]
[dreamslms.dreamguystech.com/html/assets/img/students/refer-img5.png]
[dreamslms.dreamguystech.com/html/assets/img/students/refer-img6.png]
[dreamslms.dreamguystech.com/html/assets/img/students/refer-img7.png]
[dreamslms.dreamguystech.com/html/assets/img/students/refer-img8.png]
[dreamslms.dreamguystech.com/html/assets/img/students/refer-img9.png]
[dreamslms.dreamguystech.com/html/assets/img/students/refer-img10.png]
[dreamslms.dreamguystech.com/html/setting-student-referral.html]
[dreamslms.dreamguystech.com/html/setting-student-subscription.html]
[dreamslms.dreamguystech.com/html/setting-student-billing.html]
[dreamslms.dreamguystech.com/html/setting-student-payment.html]
[dreamslms.dreamguystech.com/html/setting-student-invoice.html]
[dreamslms.dreamguystech.com/html/setting-student-referals.html]
[dreamslms.dreamguystech.com/html/student-invoice.html]
[dreamslms.dreamguystech.com/html/setting-support-tickets.html]
[dreamslms.dreamguystech.com/html/notifications.html]
[dreamslms.dreamguystech.com/html/setting-support-new-tickets.html]
[dreamslms.dreamguystech.com/html/assets/img/plan.png]
[dreamslms.dreamguystech.com/html/assets/img/icon/check-circle.svg]
[dreamslms.dreamguystech.com/html/pricing-plan.html]
[dreamslms.dreamguystech.com/html/wishlist.html]
[dreamslms.dreamguystech.com/html/assets/img/icon/close-circle.svg]
[dreamslms.dreamguystech.com/html/assets/img/course/course-16.jpg]
[dreamslms.dreamguystech.com/html/assets/img/course/course-17.jpg]
[dreamslms.dreamguystech.com/html/course-details.html.html]
[dreamslms.dreamguystech.com/html/course-list.html]
[dreamslms.dreamguystech.com/html/assets/plugins/bootstrap-tagsinput/css/bootstrap-tagsinput.css]
[dreamslms.dreamguystech.com/html/dashboard-instructor.html]
[dreamslms.dreamguystech.com/html/assets/js/ckeditor.js]
[dreamslms.dreamguystech.com/html/assets/plugins/bootstrap-tagsinput/js/bootstrap-tagsinput.js]
[dreamslms.dreamguystech.com/html/add-course.html]
[dreamslms.dreamguystech.com/html/course-grid.html]
[dreamslms.dreamguystech.com/html/assets/img/icon/timer-icon.svg]
[dreamslms.dreamguystech.com/html/assets/img/icon/people.svg]
[dreamslms.dreamguystech.com/html/assets/img/icon/play.svg]
[dreamslms.dreamguystech.com/html/assets/img/video.jpg]
[dreamslms.dreamguystech.com/html/course-wishlist.html]
[dreamslms.dreamguystech.com/html/assets/img/icon/import.svg]
[dreamslms.dreamguystech.com/html/assets/img/icon/key.svg]
[dreamslms.dreamguystech.com/html/assets/img/icon/mobile.svg]
[dreamslms.dreamguystech.com/html/assets/img/icon/cloud.svg]
[dreamslms.dreamguystech.com/html/assets/img/icon/teacher.svg]
[dreamslms.dreamguystech.com/html/assets/img/icon/users.svg]
[dreamslms.dreamguystech.com/html/assets/img/icon/chapter.svg]
[dreamslms.dreamguystech.com/html/assets/img/icon/timer.svg]
[dreamslms.dreamguystech.com/html/assets/img/icon/video.svg]
[dreamslms.dreamguystech.com/html/course-details.html]
[dreamslms.dreamguystech.com/html/assets/img/icon/chart.svg]
[dreamslms.dreamguystech.com/html/assets/img/come-soon.png]
[dreamslms.dreamguystech.com/html/come-soon.html]
[dreamslms.dreamguystech.com/html/assets/img/error-01.png]
[dreamslms.dreamguystech.com/html/error-404.html]
[dreamslms.dreamguystech.com/html/assets/img/error.png]
[dreamslms.dreamguystech.com/html/error-500.html]
[dreamslms.dreamguystech.com/html/assets/img/error-02.png]
[dreamslms.dreamguystech.com/html/under-construction.html]
[dreamslms.dreamguystech.com/html/faq.html]
[dreamslms.dreamguystech.com/html/support.html]
[dreamslms.dreamguystech.com/html/assets/img/category/category-01.jpg]
[dreamslms.dreamguystech.com/html/assets/img/category/category-02.jpg]
[dreamslms.dreamguystech.com/html/assets/img/category/category-03.jpg]
[dreamslms.dreamguystech.com/html/assets/img/category/category-04.jpg]
[dreamslms.dreamguystech.com/html/assets/img/category/category-05.jpg]
[dreamslms.dreamguystech.com/html/assets/img/category/category-06.jpg]
[dreamslms.dreamguystech.com/html/assets/img/category/category-07.jpg]
[dreamslms.dreamguystech.com/html/assets/img/category/category-08.jpg]
[dreamslms.dreamguystech.com/html/assets/img/category/category-09.jpg]
[dreamslms.dreamguystech.com/html/assets/img/category/category-10.jpg]
[dreamslms.dreamguystech.com/html/assets/img/category/category-11.jpg]
[dreamslms.dreamguystech.com/html/assets/img/category/category-12.jpg]
[dreamslms.dreamguystech.com/html/assets/img/category/category-13.jpg]
[dreamslms.dreamguystech.com/html/assets/img/category/category-14.jpg]
[dreamslms.dreamguystech.com/html/assets/img/category/category-15.jpg]
[dreamslms.dreamguystech.com/html/assets/img/category/category-16.jpg]
[dreamslms.dreamguystech.com/html/assets/img/category/category-17.jpg]
[dreamslms.dreamguystech.com/html/job-category.html]
[dreamslms.dreamguystech.com/html/cart.html]
[dreamslms.dreamguystech.com/html/checkout.html]
[dreamslms.dreamguystech.com/html/assets/img/login-img.png]
[dreamslms.dreamguystech.com/html/login.html]
[dreamslms.dreamguystech.com/html/register.html]
[dreamslms.dreamguystech.com/html/forgot-password.html]
[dreamslms.dreamguystech.com/html/assets/img/blog/blog-05.jpg]
[dreamslms.dreamguystech.com/html/assets/img/icon/icon-22.svg]
[dreamslms.dreamguystech.com/html/assets/img/icon/icon-23.svg]
[dreamslms.dreamguystech.com/html/assets/img/blog/blog-06.jpg]
[dreamslms.dreamguystech.com/html/assets/img/blog/blog-07.jpg]
[dreamslms.dreamguystech.com/html/blog-list.html]
[dreamslms.dreamguystech.com/html/assets/img/blog/blog-08.jpg]
[dreamslms.dreamguystech.com/html/assets/img/blog/blog-09.jpg]
[dreamslms.dreamguystech.com/html/assets/img/blog/blog-10.jpg]
[dreamslms.dreamguystech.com/html/assets/img/blog/blog-11.jpg]
[dreamslms.dreamguystech.com/html/assets/img/blog/blog-12.jpg]
[dreamslms.dreamguystech.com/html/assets/img/blog/blog-13.jpg]
[dreamslms.dreamguystech.com/html/blog-grid.html]
[dreamslms.dreamguystech.com/html/blog-masonry.html]
[dreamslms.dreamguystech.com/html/assets/img/blog/blog-14.jpg]
[dreamslms.dreamguystech.com/html/assets/img/icon/icon-24.svg]
[dreamslms.dreamguystech.com/html/assets/img/blog/blog-15.jpg]
[dreamslms.dreamguystech.com/html/assets/img/blog/blog-16.jpg]
[dreamslms.dreamguystech.com/html/assets/img/blog/blog-17.jpg]
[dreamslms.dreamguystech.com/html/assets/img/blog/blog-18.jpg]
[dreamslms.dreamguystech.com/html/assets/img/blog/blog-19.jpg]
[dreamslms.dreamguystech.com/html/blog-modern.html]
[dreamslms.dreamguystech.com/html/assets/img/blog-banner.jpg]
[dreamslms.dreamguystech.com/html/blog-details.html]
[dreamslms.dreamguystech.com/html/assets/img/pencil-icon.svg]
[dreamslms.dreamguystech.com/html/assets/img/cources-icon.svg]
[dreamslms.dreamguystech.com/html/assets/img/certificate-icon.svg]
[dreamslms.dreamguystech.com/html/assets/img/gratuate-icon.svg]
[dreamslms.dreamguystech.com/html/assets/img/instructor/courses-icon.png]
[dreamslms.dreamguystech.com/html/assets/img/instructor/ttl-stud-icon.png]
[dreamslms.dreamguystech.com/html/assets/img/instructor/review-icon.png]
[dreamslms.dreamguystech.com/html/assets/img/instructor/email-icon.png]
[dreamslms.dreamguystech.com/html/assets/img/instructor/address-icon.png]
[dreamslms.dreamguystech.com/html/assets/img/instructor/phone-icon.png]
[dreamslms.dreamguystech.com/html/instructor-profile.html]
[dreamslms.dreamguystech.com/html/assets/img/icon/icon-01.svg]
[dreamslms.dreamguystech.com/html/assets/img/icon/icon-02.svg]
[dreamslms.dreamguystech.com/html/assets/img/icon/icon-1.svg]
[dreamslms.dreamguystech.com/html/assets/img/icon/icon-2.svg]
[dreamslms.dreamguystech.com/html/assets/img/icon/icon-3.svg]
[dreamslms.dreamguystech.com/html/assets/img/icon/icon-4.svg]
[dreamslms.dreamguystech.com/html/assets/img/icon/icon-07.svg]
[dreamslms.dreamguystech.com/html/assets/img/icon/icon-08.svg]
[dreamslms.dreamguystech.com/html/assets/img/icon/icon-09.svg]
[dreamslms.dreamguystech.com/html/assets/img/icon/icon-10.svg]
[dreamslms.dreamguystech.com/html/assets/img/icon/icon-16.svg]
[dreamslms.dreamguystech.com/html/assets/img/icon/icon-12.svg]
[dreamslms.dreamguystech.com/html/assets/img/icon/icon-13.svg]
[dreamslms.dreamguystech.com/html/assets/img/icon/icon-14.svg]
[dreamslms.dreamguystech.com/html/assets/img/icon/icon-15.svg]
[dreamslms.dreamguystech.com/html/assets/img/icon/icon-17.svg]
[dreamslms.dreamguystech.com/html/assets/img/icon/icon-18.svg]
[dreamslms.dreamguystech.com/html/assets/img/icon/icon-25.svg]
[dreamslms.dreamguystech.com/html/assets/img/icon/icon-26.svg]
[dreamslms.dreamguystech.com/html/assets/img/icon/icon-27.svg]
[dreamslms.dreamguystech.com/html/withdrawal-instructor.html]
[dreamslms.dreamguystech.com/html/deposit-instructor.html]
[dreamslms.dreamguystech.com/html/transactions-instructor.html]
[dreamslms.dreamguystech.com/html/assets/img/students/book.svg]
[dreamslms.dreamguystech.com/html/assets/img/students/receipt-text.svg]
[dreamslms.dreamguystech.com/html/deposit-student.html]
[dreamslms.dreamguystech.com/html/assets/img/students/empty-wallet-tick.svg]
[dreamslms.dreamguystech.com/html/assets/img/students/empty-wallet-change.svg]
[dreamslms.dreamguystech.com/html/deposit-instructor-dashboard.html]
[dreamslms.dreamguystech.com/html/assets/img/students/profile-user.svg]
[dreamslms.dreamguystech.com/html/assets/img/students/profile-avatar.png]
[dreamslms.dreamguystech.com/html/student-profile.html]
[dreamslms.dreamguystech.com/html/course-student.html]
[dreamslms.dreamguystech.com/html/purchase-history.html]
[dreamslms.dreamguystech.com/html/deposit-student-dashboard.html]
[dreamslms.dreamguystech.com/html/assets/img/icon/icon-20.svg]
[dreamslms.dreamguystech.com/html/assets/img/icon/icon-19.svg]
[dreamslms.dreamguystech.com/html/assets/img/icon/icon-21.svg]
[dreamslms.dreamguystech.com/html/term-condition.html]
[dreamslms.dreamguystech.com/html/privacy-policy.html]
[dreamslms.dreamguystech.com/html/assets/plugins/fontawesome/webfonts/fa-brands-400.html]
[dreamslms.dreamguystech.com/html/assets/plugins/fontawesome/webfonts/fa-regular-400.html]
[dreamslms.dreamguystech.com/html/assets/plugins/fontawesome/webfonts/fa-solid-900.html]
[dreamslms.dreamguystech.com/html/assets/plugins/fontawesome/webfonts/fa-v4compatibility.html]
[dreamslms.dreamguystech.com/html/assets/css/owl.video.play.html]
[dreamslms.dreamguystech.com/html/transactions-student.html]
[dreamslms.dreamguystech.com/html/assets/img/bg-banner-01.png]
[dreamslms.dreamguystech.com/html/assets/img/bg-banner-02.png]
[dreamslms.dreamguystech.com/html/assets/img/bg/home-main.png]
[dreamslms.dreamguystech.com/html/assets/img/bg/bg-3.png]
[dreamslms.dreamguystech.com/html/assets/img/bg/map.png]
[dreamslms.dreamguystech.com/html/assets/img/joing-us.png]
[dreamslms.dreamguystech.com/html/assets/img/icon-three/search-icon.svg]
[dreamslms.dreamguystech.com/html/assets/img/icon-three/email.svg]
[dreamslms.dreamguystech.com/html/assets/img/icon/home-search-six.svg]
[dreamslms.dreamguystech.com/html/assets/img/icon-three/building.svg]
[dreamslms.dreamguystech.com/html/assets/plugins/feather/fonts/Feather144f.ttf]
[dreamslms.dreamguystech.com/html/assets/plugins/feather/fonts/Feather144f.woff]
[dreamslms.dreamguystech.com/html/assets/plugins/feather/feather.css]
[dreamslms.dreamguystech.com/html/assets/plugins/swiper/css/swiper.min.css]
[dreamslms.dreamguystech.com/html/assets/img/icon/count-one.svg]
[dreamslms.dreamguystech.com/html/assets/img/icon/count-two.svg]
[dreamslms.dreamguystech.com/html/assets/img/icon/count-three.svg]
[dreamslms.dreamguystech.com/html/assets/img/icon/count-four.svg]
[dreamslms.dreamguystech.com/html/assets/img/category/category-1.svg]
[dreamslms.dreamguystech.com/html/assets/img/category/category-2.svg]
[dreamslms.dreamguystech.com/html/assets/img/category/category-3.svg]
[dreamslms.dreamguystech.com/html/assets/img/category/category-4.svg]
[dreamslms.dreamguystech.com/html/assets/img/category/category-5.svg]
[dreamslms.dreamguystech.com/html/assets/img/category/category-6.svg]
[dreamslms.dreamguystech.com/html/assets/img/category/category-7.svg]
[dreamslms.dreamguystech.com/html/assets/img/category/category-8.svg]
[dreamslms.dreamguystech.com/html/assets/img/icon/joing-01.svg]
[dreamslms.dreamguystech.com/html/assets/img/icon/joing-02.svg]
[dreamslms.dreamguystech.com/html/assets/img/icon/joing-03.svg]
[dreamslms.dreamguystech.com/html/assets/img/icon/joing-04.svg]
[dreamslms.dreamguystech.com/html/assets/img/logo/logo.svg]
[dreamslms.dreamguystech.com/html/assets/img/icon-three/course-01.svg]
[dreamslms.dreamguystech.com/html/assets/img/icon-three/course-02.svg]
[dreamslms.dreamguystech.com/html/assets/img/icon-three/course-03.svg]
[dreamslms.dreamguystech.com/html/assets/img/icon-three/course-04.svg]
[dreamslms.dreamguystech.com/html/assets/img/icon-three/career-01.svg]
[dreamslms.dreamguystech.com/html/assets/img/icon-three/career-02.svg]
[dreamslms.dreamguystech.com/html/assets/img/icon-three/career-03.svg]
[dreamslms.dreamguystech.com/html/assets/img/icon-three/career-04.svg]
[dreamslms.dreamguystech.com/html/assets/img/icon-three/student.svg]
[dreamslms.dreamguystech.com/html/assets/img/icon-three/ellipse-1.svg]
[dreamslms.dreamguystech.com/html/assets/img/icon-three/ellipse-2.svg]
[dreamslms.dreamguystech.com/html/assets/img/icon-three/ellipse-3.svg]
[dreamslms.dreamguystech.com/html/assets/img/icon-three/award.svg]
[dreamslms.dreamguystech.com/html/assets/img/icon-three/check-round-1.svg]
[dreamslms.dreamguystech.com/html/assets/img/icon-three/time.svg]
[dreamslms.dreamguystech.com/html/assets/img/icon-three/check-round-2.svg]
[dreamslms.dreamguystech.com/html/assets/img/icon-three/winning.svg]
[dreamslms.dreamguystech.com/html/assets/img/icon-three/check-round-3.svg]
[dreamslms.dreamguystech.com/html/assets/img/icon-three/student-icon.svg]
[dreamslms.dreamguystech.com/html/assets/img/profiles/avatar-10.jpg]
[dreamslms.dreamguystech.com/html/assets/plugins/feather/fonts/Feather144f.svg]
[dreamslms.dreamguystech.com/html/assets/img/bg/pattern-05.svg]
[dreamslms.dreamguystech.com/html/assets/img/bg/pattern-06.svg]
[dreamslms.dreamguystech.com/html/assets/img/bg/quote.svg]
[dreamslms.dreamguystech.com/html/assets/img/gallery/gallery-1.jpg]
[dreamslms.dreamguystech.com/html/assets/fonts/Feather144f.ttf]
[dreamslms.dreamguystech.com/html/assets/fonts/Feather144f.woff]
[dreamslms.dreamguystech.com/html/assets/css/feather.css]
[dreamslms.dreamguystech.com/html/assets/img/logo/logo-five.svg]
[dreamslms.dreamguystech.com/html/assets/img/bg/banner-vector.svg]
[dreamslms.dreamguystech.com/html/assets/img/client/client-01.svg]
[dreamslms.dreamguystech.com/html/assets/img/client/client-02.svg]
[dreamslms.dreamguystech.com/html/assets/img/client/client-03.svg]
[dreamslms.dreamguystech.com/html/assets/img/client/client-04.svg]
[dreamslms.dreamguystech.com/html/assets/img/client/client-05.svg]
[dreamslms.dreamguystech.com/html/assets/img/course/course-01.svg]
[dreamslms.dreamguystech.com/html/assets/img/course/course-02.svg]
[dreamslms.dreamguystech.com/html/assets/img/course/course-03.svg]
[dreamslms.dreamguystech.com/html/assets/img/course/course-04.svg]
[dreamslms.dreamguystech.com/html/assets/img/bg/master-vector-left.svg]
[dreamslms.dreamguystech.com/html/assets/img/skills/skills-01.svg]
[dreamslms.dreamguystech.com/html/assets/img/skills/skills-02.svg]
[dreamslms.dreamguystech.com/html/assets/img/skills/skills-03.svg]
[dreamslms.dreamguystech.com/html/assets/img/skills/skills-04.svg]
[dreamslms.dreamguystech.com/html/assets/img/bg/instructor-vector-left.svg]
[dreamslms.dreamguystech.com/html/assets/img/bg/instructor-vector-right.svg]
[dreamslms.dreamguystech.com/html/assets/img/icon/award-new.svg]
[dreamslms.dreamguystech.com/html/assets/img/bg/footer-left.svg]
[dreamslms.dreamguystech.com/html/assets/img/bg/footer-right.svg]
[dreamslms.dreamguystech.com/html/assets/fonts/Feather144f.svg]
[dreamslms.dreamguystech.com/html/instructor-chat.html]
[dreamslms.dreamguystech.com/html/assets/img/icon/messages.svg]
[dreamslms.dreamguystech.com/html/assets/img/icon/cart.svg]
[dreamslms.dreamguystech.com/html/assets/img/icon/wish.svg]
[dreamslms.dreamguystech.com/html/assets/img/icon/notification.svg]
[dreamslms.dreamguystech.com/html/assets/img/send-icon.svg]
[dreamslms.dreamguystech.com/html/instructor-student-list.html]
[dreamslms.dreamguystech.com/html/instructor-student-grid.html]
[dreamslms.dreamguystech.com/html/assets/img/icon/user-icon.svg]
[dreamslms.dreamguystech.com/html/assets/img/icon/timer-start.svg]
[dreamslms.dreamguystech.com/html/search.html]
[dreamslms.dreamguystech.com/html/booking.html]
[dreamslms.dreamguystech.com/html/dashboard-mentee.html]
[dreamslms.dreamguystech.com/html/appointments.html]
[dreamslms.dreamguystech.com/html/chat.html]
[dreamslms.dreamguystech.com/html/dashboard.html]
[dreamslms.dreamguystech.com/html/view-invoice.html]
[dreamslms.dreamguystech.com/html/assets/img/students/ticket-total.svg]
[dreamslms.dreamguystech.com/html/assets/img/students/ticket-open.svg]
[dreamslms.dreamguystech.com/html/assets/img/students/ticket-close.svg]
[dreamslms.dreamguystech.com/html/assets/img/icon/message-text.svg]
[dreamslms.dreamguystech.com/html/assets/plugins/dropzone/dropzone.min.css]
[dreamslms.dreamguystech.com/html/instructor-new-tickets.html]
[dreamslms.dreamguystech.com/html/course-message.html]
[dreamslms.dreamguystech.com/html/assets/img/students/loc-icon.svg]
[dreamslms.dreamguystech.com/html/setting-student-delete-profile.html]
[dreamslms.dreamguystech.com/html/setting-student-referals.html]
[dreamslms.dreamguystech.com/html/student-invoice.html]
[dreamslms.dreamguystech.com/html/setting-support-new-tickets.html]
[dreamslms.dreamguystech.com/html/assets/img/icon/check-circle.svg]
[dreamslms.dreamguystech.com/html/assets/img/icon/close-circle.svg]
[dreamslms.dreamguystech.com/html/course-details.html.html]
[dreamslms.dreamguystech.com/html/assets/plugins/bootstrap-tagsinput/css/bootstrap-tagsinput.css]
[dreamslms.dreamguystech.com/html/dashboard-instructor.html]
[dreamslms.dreamguystech.com/html/assets/img/icon/timer-icon.svg]
[dreamslms.dreamguystech.com/html/assets/img/icon/people.svg]
[dreamslms.dreamguystech.com/html/assets/img/icon/play.svg]
[dreamslms.dreamguystech.com/html/course-wishlist.html]
[dreamslms.dreamguystech.com/html/assets/img/icon/import.svg]
[dreamslms.dreamguystech.com/html/assets/img/icon/key.svg]
[dreamslms.dreamguystech.com/html/assets/img/icon/mobile.svg]
[dreamslms.dreamguystech.com/html/assets/img/icon/cloud.svg]
[dreamslms.dreamguystech.com/html/assets/img/icon/teacher.svg]
[dreamslms.dreamguystech.com/html/assets/img/icon/users.svg]
[dreamslms.dreamguystech.com/html/assets/img/icon/timer.svg]
[dreamslms.dreamguystech.com/html/assets/img/icon/chapter.svg]
[dreamslms.dreamguystech.com/html/assets/img/icon/video.svg]
[dreamslms.dreamguystech.com/html/assets/img/icon/chart.svg]
[dreamslms.dreamguystech.com/html/assets/img/icon/icon-22.svg]
[dreamslms.dreamguystech.com/html/assets/img/icon/icon-23.svg]
[dreamslms.dreamguystech.com/html/assets/img/icon/icon-24.svg]
[dreamslms.dreamguystech.com/html/assets/img/icon/icon-25.svg]
[dreamslms.dreamguystech.com/html/assets/img/icon/icon-26.svg]
[dreamslms.dreamguystech.com/html/assets/img/icon/icon-27.svg]
[dreamslms.dreamguystech.com/html/assets/plugins/dropzone/dropzone.min.js]
[dreamslms.dreamguystech.com/html/assets/img/deposit-01.jpg]
[dreamslms.dreamguystech.com/html/assets/img/deposit-02.jpg]
[dreamslms.dreamguystech.com/html/assets/img/deposit-03.jpg]
[dreamslms.dreamguystech.com/html/assets/img/deposit-04.jpg]
[dreamslms.dreamguystech.com/html/withdrawal-instructor.html]
[dreamslms.dreamguystech.com/html/deposit-instructor.html]
[dreamslms.dreamguystech.com/html/transactions-instructor.html]
[dreamslms.dreamguystech.com/html/assets/img/students/book.svg]
[dreamslms.dreamguystech.com/html/assets/img/students/receipt-text.svg]
[dreamslms.dreamguystech.com/html/deposit-student.html]
[dreamslms.dreamguystech.com/html/assets/img/students/empty-wallet-tick.svg]
[dreamslms.dreamguystech.com/html/assets/img/students/empty-wallet-change.svg]
[dreamslms.dreamguystech.com/html/assets/img/students/profile-user.svg]
[dreamslms.dreamguystech.com/html/course-student.html]
[dreamslms.dreamguystech.com/html/purchase-history.html]
[dreamslms.dreamguystech.com/html/transactions-student.html]
[dreamslms.dreamguystech.com/html/assets/img/icon-three/building.svg]
[dreamslms.dreamguystech.com/html/assets/plugins/feather/fonts/Feather144f.svg]
[dreamslms.dreamguystech.com/html/course-lesson.html]
[dreamslms.dreamguystech.com/html/assets/img/bg-banner.png]
[dreamslms.dreamguystech.com/html/assets/fonts/Feather144f.svg]
[dreamslms.dreamguystech.com/html/assets/img/send-icon.svg]
[dreamslms.dreamguystech.com/html/instructor-student-list.html]
[dreamslms.dreamguystech.com/html/assets/img/icon/message-text.svg]
[dreamslms.dreamguystech.com/html/assets/plugins/dropzone/dropzone.min.css]
[dreamslms.dreamguystech.com/html/assets/img/user-love.jpg]
[dreamslms.dreamguystech.com/html/assets/img/icon/play-icon.svg]
[dreamslms.dreamguystech.com/html/assets/img/icon/lock.svg]
[dreamslms.dreamguystech.com/html/assets/img/video-img-01.jpg]
[dreamslms.dreamguystech.com/html/course-lesson.html]
[dreamslms.dreamguystech.com/html/assets/img/icon/play-icon.svg]
[dreamslms.dreamguystech.com/html/assets/img/icon/lock.svg]
